// Jest Snapshot v1, https://goo.gl/fbAQLP

exports[`Pruebas en el la app GifExpertApp Debe mostrarse correctamente la App 1`] = `
<Fragment>
  <h2>
    GifExpertApp
  </h2>
  <AddCategory
    setCategories={[Function]}
  />
  <hr />
  <ul>
    <GifGrid
      category="Coding"
      key="Coding"
    />
  </ul>
</Fragment>
`;
